ArduinoGettingStartedExample  examples/getting-started-with-matlab-support-package-for-arduino-hardware.html
ArduinoGettingStartedExample-1  examples/getting-started-with-matlab-support-package-for-arduino-hardware.html#zmw57dd0e57
ArduinoGettingStartedExample-2  examples/getting-started-with-matlab-support-package-for-arduino-hardware.html#zmw57dd0e71
ArduinoGettingStartedExample-4  examples/getting-started-with-matlab-support-package-for-arduino-hardware.html#zmw57dd0e81
ArduinoGettingStartedExample-6  examples/getting-started-with-matlab-support-package-for-arduino-hardware.html#zmw57dd0e96
ArduinoGettingStartedExample-8  examples/getting-started-with-matlab-support-package-for-arduino-hardware.html#zmw57dd0e108
ArduinoGettingStartedExample-10  examples/getting-started-with-matlab-support-package-for-arduino-hardware.html#zmw57dd0e124
ArduinoGettingStartedExample-11  examples/getting-started-with-matlab-support-package-for-arduino-hardware.html#zmw57dd0e153
ServoMotorExample  examples/control-servo-motors.html
ServoMotorExample-1  examples/control-servo-motors.html#zmw57dd0e184
ServoMotorExample-2  examples/control-servo-motors.html#zmw57dd0e204
ServoMotorExample-5  examples/control-servo-motors.html#zmw57dd0e228
ServoMotorExample-6  examples/control-servo-motors.html#zmw57dd0e238
I2CTemperatureSensorExample  examples/measure-temperature-from-i2c-device-on-arduino-hardware.html
I2CTemperatureSensorExample-1  examples/measure-temperature-from-i2c-device-on-arduino-hardware.html#zmw57dd0e269
I2CTemperatureSensorExample-2  examples/measure-temperature-from-i2c-device-on-arduino-hardware.html#zmw57dd0e275
I2CTemperatureSensorExample-3  examples/measure-temperature-from-i2c-device-on-arduino-hardware.html#zmw57dd0e289
I2CTemperatureSensorExample-7  examples/measure-temperature-from-i2c-device-on-arduino-hardware.html#zmw57dd0e323
I2CTemperatureSensorExample-8  examples/measure-temperature-from-i2c-device-on-arduino-hardware.html#zmw57dd0e336
I2CTemperatureSensorExample-11  examples/measure-temperature-from-i2c-device-on-arduino-hardware.html#zmw57dd0e354
SPIPotentiometerExample  examples/communicate-with-spi-device-on-arduino-hardware.html
SPIPotentiometerExample-1  examples/communicate-with-spi-device-on-arduino-hardware.html#zmw57dd0e385
SPIPotentiometerExample-2  examples/communicate-with-spi-device-on-arduino-hardware.html#zmw57dd0e393
SPIPotentiometerExample-3  examples/communicate-with-spi-device-on-arduino-hardware.html#zmw57dd0e428
SPIPotentiometerExample-7  examples/communicate-with-spi-device-on-arduino-hardware.html#zmw57dd0e452
ShiftRegisterControlExample  examples/push-button-control-with-74hc165-shift-register.html
ShiftRegisterControlExample-1  examples/push-button-control-with-74hc165-shift-register.html#zmw57dd0e483
ShiftRegisterControlExample-2  examples/push-button-control-with-74hc165-shift-register.html#zmw57dd0e503
ShiftRegisterControlExample-3  examples/push-button-control-with-74hc165-shift-register.html#zmw57dd0e547
ShiftRegisterControlExample-6  examples/push-button-control-with-74hc165-shift-register.html#zmw57dd0e563
ShiftRegisterControlExample-7  examples/push-button-control-with-74hc165-shift-register.html#zmw57dd0e573
ShiftRegisterDisplayExample  examples/control-7-segment-display-with-74hc595-shift-register.html
ShiftRegisterDisplayExample-1  examples/control-7-segment-display-with-74hc595-shift-register.html#zmw57dd0e604
ShiftRegisterDisplayExample-2  examples/control-7-segment-display-with-74hc595-shift-register.html#zmw57dd0e624
ShiftRegisterDisplayExample-3  examples/control-7-segment-display-with-74hc595-shift-register.html#zmw57dd0e668
ShiftRegisterDisplayExample-6  examples/control-7-segment-display-with-74hc595-shift-register.html#zmw57dd0e684
ShiftRegisterDisplayExample-8  examples/control-7-segment-display-with-74hc595-shift-register.html#zmw57dd0e704
ShiftRegisterLEDExample  examples/control-leds-with-74hc595-shift-register.html
ShiftRegisterLEDExample-1  examples/control-leds-with-74hc595-shift-register.html#zmw57dd0e735
ShiftRegisterLEDExample-2  examples/control-leds-with-74hc595-shift-register.html#zmw57dd0e755
ShiftRegisterLEDExample-3  examples/control-leds-with-74hc595-shift-register.html#zmw57dd0e795
ShiftRegisterLEDExample-6  examples/control-leds-with-74hc595-shift-register.html#zmw57dd0e811
ShiftRegisterLEDExample-8  examples/control-leds-with-74hc595-shift-register.html#zmw57dd0e823
AdafruitMotorShieldV2Example  examples/control-motors-using-adafruit-motor-shield-v2.html
AdafruitMotorShieldV2Example-1  examples/control-motors-using-adafruit-motor-shield-v2.html#zmw57dd0e854
AdafruitMotorShieldV2Example-2  examples/control-motors-using-adafruit-motor-shield-v2.html#zmw57dd0e874
AdafruitMotorShieldV2Example-5  examples/control-motors-using-adafruit-motor-shield-v2.html#zmw57dd0e899
AdafruitMotorShieldV2Example-8  examples/control-motors-using-adafruit-motor-shield-v2.html#zmw57dd0e918
AdafruitMotorShieldV2Example-11  examples/control-motors-using-adafruit-motor-shield-v2.html#zmw57dd0e939
AdafruitMotorShieldV2Example-13  examples/control-motors-using-adafruit-motor-shield-v2.html#zmw57dd0e953
RotaryEncoderKnobExample  examples/control-rotary-encoder-knob.html
RotaryEncoderKnobExample-1  examples/control-rotary-encoder-knob.html#zmw57dd0e984
RotaryEncoderKnobExample-2  examples/control-rotary-encoder-knob.html#zmw57dd0e995
RotaryEncoderKnobExample-3  examples/control-rotary-encoder-knob.html#zmw57dd0e1028
RotaryEncoderKnobExample-6  examples/control-rotary-encoder-knob.html#zmw57dd0e1047
RotaryEncoderKnobExample-8  examples/control-rotary-encoder-knob.html#zmw57dd0e1063
RotaryEncoderSpeedExample  examples/steer-two-wheel-robot.html
RotaryEncoderSpeedExample-1  examples/steer-two-wheel-robot.html#zmw57dd0e1094
RotaryEncoderSpeedExample-2  examples/steer-two-wheel-robot.html#zmw57dd0e1108
RotaryEncoderSpeedExample-3  examples/steer-two-wheel-robot.html#zmw57dd0e1132
RotaryEncoderSpeedExample-5  examples/steer-two-wheel-robot.html#zmw57dd0e1151
RotaryEncoderSpeedExample-7  examples/steer-two-wheel-robot.html#zmw57dd0e1163
RotaryEncoderSpeedExample-9  examples/steer-two-wheel-robot.html#zmw57dd0e1179
RotaryEncoderSpeedExample-13  examples/steer-two-wheel-robot.html#zmw57dd0e1208
arduino_ref  ref/arduino.html
arduinoinstall  ug/intro.html
bluetooth_pair_windows  ug/instructions-on-pairing-bluetooth-device.html#bvr5xtj
bluetooth_address_windows  ug/instructions-on-pairing-bluetooth-device.html#bvr5xzq
bluetooth_pair_mac  ug/instructions-on-pairing-bluetooth-device.html#bvr5x3y
bluetooth_address_mac  ug/instructions-on-pairing-bluetooth-device.html#bvr5x4q
ArduinoGettingStartedExample  ug/getting-started-with-matlab-support-package-for-arduino-hardware.html
ArduinoGettingStartedExample-1  ug/getting-started-with-matlab-support-package-for-arduino-hardware.html#zmw57dd0e1249
ArduinoGettingStartedExample-2  ug/getting-started-with-matlab-support-package-for-arduino-hardware.html#zmw57dd0e1263
ArduinoGettingStartedExample-4  ug/getting-started-with-matlab-support-package-for-arduino-hardware.html#zmw57dd0e1273
ArduinoGettingStartedExample-6  ug/getting-started-with-matlab-support-package-for-arduino-hardware.html#zmw57dd0e1288
ArduinoGettingStartedExample-8  ug/getting-started-with-matlab-support-package-for-arduino-hardware.html#zmw57dd0e1300
ArduinoGettingStartedExample-10  ug/getting-started-with-matlab-support-package-for-arduino-hardware.html#zmw57dd0e1316
ArduinoGettingStartedExample-11  ug/getting-started-with-matlab-support-package-for-arduino-hardware.html#zmw57dd0e1345
I2CTemperatureSensorExample  ug/measure-temperature-from-i2c-device-on-arduino-hardware.html
I2CTemperatureSensorExample-1  ug/measure-temperature-from-i2c-device-on-arduino-hardware.html#zmw57dd0e1574
I2CTemperatureSensorExample-2  ug/measure-temperature-from-i2c-device-on-arduino-hardware.html#zmw57dd0e1580
I2CTemperatureSensorExample-3  ug/measure-temperature-from-i2c-device-on-arduino-hardware.html#zmw57dd0e1594
I2CTemperatureSensorExample-7  ug/measure-temperature-from-i2c-device-on-arduino-hardware.html#zmw57dd0e1628
I2CTemperatureSensorExample-8  ug/measure-temperature-from-i2c-device-on-arduino-hardware.html#zmw57dd0e1641
I2CTemperatureSensorExample-11  ug/measure-temperature-from-i2c-device-on-arduino-hardware.html#zmw57dd0e1659
SPIPotentiometerExample  ug/communicate-with-spi-device-on-arduino-hardware.html
SPIPotentiometerExample-1  ug/communicate-with-spi-device-on-arduino-hardware.html#zmw57dd0e1992
SPIPotentiometerExample-2  ug/communicate-with-spi-device-on-arduino-hardware.html#zmw57dd0e2000
SPIPotentiometerExample-3  ug/communicate-with-spi-device-on-arduino-hardware.html#zmw57dd0e2035
SPIPotentiometerExample-7  ug/communicate-with-spi-device-on-arduino-hardware.html#zmw57dd0e2059
AdafruitMotorShieldV2Example  ug/control-motors-using-adafruit-motor-shield-v2.html
AdafruitMotorShieldV2Example-1  ug/control-motors-using-adafruit-motor-shield-v2.html#zmw57dd0e2192
AdafruitMotorShieldV2Example-2  ug/control-motors-using-adafruit-motor-shield-v2.html#zmw57dd0e2212
AdafruitMotorShieldV2Example-5  ug/control-motors-using-adafruit-motor-shield-v2.html#zmw57dd0e2237
AdafruitMotorShieldV2Example-8  ug/control-motors-using-adafruit-motor-shield-v2.html#zmw57dd0e2256
AdafruitMotorShieldV2Example-11  ug/control-motors-using-adafruit-motor-shield-v2.html#zmw57dd0e2277
AdafruitMotorShieldV2Example-13  ug/control-motors-using-adafruit-motor-shield-v2.html#zmw57dd0e2291
arduino_sdk  ug/custom-arduino-add-on-device-library-and-code.html
cppwrapper  ug/create-code-to-write-a-string.html#butiw_j-1
mfile  ug/create-code-to-write-a-string.html#mfile
bluetooth_ftdi  ug/arduino-bluetooth-setup-issues.html#bvsdjn6
arduinoio_troubleshooting  ug/arduino-connection-failure.html
reentrancy_exception  ug/connection-and-communication-issues.html#bvejtff
driver_install  ug/update-hardware-driver-on-a-windows-system.html
