arduinoinstall intro.html
bluetooth_pair_windows instructions-on-pairing-bluetooth-device.html#bvr5xtj
bluetooth_address_windows instructions-on-pairing-bluetooth-device.html#bvr5xzq
bluetooth_pair_mac instructions-on-pairing-bluetooth-device.html#bvr5x3y
bluetooth_address_mac instructions-on-pairing-bluetooth-device.html#bvr5x4q
ArduinoGettingStartedExample getting-started-with-matlab-support-package-for-arduino-hardware.html
ArduinoGettingStartedExample-1 getting-started-with-matlab-support-package-for-arduino-hardware.html#zmw57dd0e1249
ArduinoGettingStartedExample-2 getting-started-with-matlab-support-package-for-arduino-hardware.html#zmw57dd0e1263
ArduinoGettingStartedExample-4 getting-started-with-matlab-support-package-for-arduino-hardware.html#zmw57dd0e1273
ArduinoGettingStartedExample-6 getting-started-with-matlab-support-package-for-arduino-hardware.html#zmw57dd0e1288
ArduinoGettingStartedExample-8 getting-started-with-matlab-support-package-for-arduino-hardware.html#zmw57dd0e1300
ArduinoGettingStartedExample-10 getting-started-with-matlab-support-package-for-arduino-hardware.html#zmw57dd0e1316
ArduinoGettingStartedExample-11 getting-started-with-matlab-support-package-for-arduino-hardware.html#zmw57dd0e1345
I2CTemperatureSensorExample measure-temperature-from-i2c-device-on-arduino-hardware.html
I2CTemperatureSensorExample-1 measure-temperature-from-i2c-device-on-arduino-hardware.html#zmw57dd0e1574
I2CTemperatureSensorExample-2 measure-temperature-from-i2c-device-on-arduino-hardware.html#zmw57dd0e1580
I2CTemperatureSensorExample-3 measure-temperature-from-i2c-device-on-arduino-hardware.html#zmw57dd0e1594
I2CTemperatureSensorExample-7 measure-temperature-from-i2c-device-on-arduino-hardware.html#zmw57dd0e1628
I2CTemperatureSensorExample-8 measure-temperature-from-i2c-device-on-arduino-hardware.html#zmw57dd0e1641
I2CTemperatureSensorExample-11 measure-temperature-from-i2c-device-on-arduino-hardware.html#zmw57dd0e1659
SPIPotentiometerExample communicate-with-spi-device-on-arduino-hardware.html
SPIPotentiometerExample-1 communicate-with-spi-device-on-arduino-hardware.html#zmw57dd0e1992
SPIPotentiometerExample-2 communicate-with-spi-device-on-arduino-hardware.html#zmw57dd0e2000
SPIPotentiometerExample-3 communicate-with-spi-device-on-arduino-hardware.html#zmw57dd0e2035
SPIPotentiometerExample-7 communicate-with-spi-device-on-arduino-hardware.html#zmw57dd0e2059
AdafruitMotorShieldV2Example control-motors-using-adafruit-motor-shield-v2.html
AdafruitMotorShieldV2Example-1 control-motors-using-adafruit-motor-shield-v2.html#zmw57dd0e2192
AdafruitMotorShieldV2Example-2 control-motors-using-adafruit-motor-shield-v2.html#zmw57dd0e2212
AdafruitMotorShieldV2Example-5 control-motors-using-adafruit-motor-shield-v2.html#zmw57dd0e2237
AdafruitMotorShieldV2Example-8 control-motors-using-adafruit-motor-shield-v2.html#zmw57dd0e2256
AdafruitMotorShieldV2Example-11 control-motors-using-adafruit-motor-shield-v2.html#zmw57dd0e2277
AdafruitMotorShieldV2Example-13 control-motors-using-adafruit-motor-shield-v2.html#zmw57dd0e2291
arduino_sdk custom-arduino-add-on-device-library-and-code.html
cppwrapper create-code-to-write-a-string.html#butiw_j-1
mfile create-code-to-write-a-string.html#mfile
bluetooth_ftdi arduino-bluetooth-setup-issues.html#bvsdjn6
arduinoio_troubleshooting arduino-connection-failure.html
reentrancy_exception connection-and-communication-issues.html#bvejtff
driver_install update-hardware-driver-on-a-windows-system.html
