ArduinoGettingStartedExample getting-started-with-matlab-support-package-for-arduino-hardware.html
ArduinoGettingStartedExample-1 getting-started-with-matlab-support-package-for-arduino-hardware.html#zmw57dd0e57
ArduinoGettingStartedExample-2 getting-started-with-matlab-support-package-for-arduino-hardware.html#zmw57dd0e71
ArduinoGettingStartedExample-4 getting-started-with-matlab-support-package-for-arduino-hardware.html#zmw57dd0e81
ArduinoGettingStartedExample-6 getting-started-with-matlab-support-package-for-arduino-hardware.html#zmw57dd0e96
ArduinoGettingStartedExample-8 getting-started-with-matlab-support-package-for-arduino-hardware.html#zmw57dd0e108
ArduinoGettingStartedExample-10 getting-started-with-matlab-support-package-for-arduino-hardware.html#zmw57dd0e124
ArduinoGettingStartedExample-11 getting-started-with-matlab-support-package-for-arduino-hardware.html#zmw57dd0e153
ServoMotorExample control-servo-motors.html
ServoMotorExample-1 control-servo-motors.html#zmw57dd0e184
ServoMotorExample-2 control-servo-motors.html#zmw57dd0e204
ServoMotorExample-5 control-servo-motors.html#zmw57dd0e228
ServoMotorExample-6 control-servo-motors.html#zmw57dd0e238
I2CTemperatureSensorExample measure-temperature-from-i2c-device-on-arduino-hardware.html
I2CTemperatureSensorExample-1 measure-temperature-from-i2c-device-on-arduino-hardware.html#zmw57dd0e269
I2CTemperatureSensorExample-2 measure-temperature-from-i2c-device-on-arduino-hardware.html#zmw57dd0e275
I2CTemperatureSensorExample-3 measure-temperature-from-i2c-device-on-arduino-hardware.html#zmw57dd0e289
I2CTemperatureSensorExample-7 measure-temperature-from-i2c-device-on-arduino-hardware.html#zmw57dd0e323
I2CTemperatureSensorExample-8 measure-temperature-from-i2c-device-on-arduino-hardware.html#zmw57dd0e336
I2CTemperatureSensorExample-11 measure-temperature-from-i2c-device-on-arduino-hardware.html#zmw57dd0e354
SPIPotentiometerExample communicate-with-spi-device-on-arduino-hardware.html
SPIPotentiometerExample-1 communicate-with-spi-device-on-arduino-hardware.html#zmw57dd0e385
SPIPotentiometerExample-2 communicate-with-spi-device-on-arduino-hardware.html#zmw57dd0e393
SPIPotentiometerExample-3 communicate-with-spi-device-on-arduino-hardware.html#zmw57dd0e428
SPIPotentiometerExample-7 communicate-with-spi-device-on-arduino-hardware.html#zmw57dd0e452
ShiftRegisterControlExample push-button-control-with-74hc165-shift-register.html
ShiftRegisterControlExample-1 push-button-control-with-74hc165-shift-register.html#zmw57dd0e483
ShiftRegisterControlExample-2 push-button-control-with-74hc165-shift-register.html#zmw57dd0e503
ShiftRegisterControlExample-3 push-button-control-with-74hc165-shift-register.html#zmw57dd0e547
ShiftRegisterControlExample-6 push-button-control-with-74hc165-shift-register.html#zmw57dd0e563
ShiftRegisterControlExample-7 push-button-control-with-74hc165-shift-register.html#zmw57dd0e573
ShiftRegisterDisplayExample control-7-segment-display-with-74hc595-shift-register.html
ShiftRegisterDisplayExample-1 control-7-segment-display-with-74hc595-shift-register.html#zmw57dd0e604
ShiftRegisterDisplayExample-2 control-7-segment-display-with-74hc595-shift-register.html#zmw57dd0e624
ShiftRegisterDisplayExample-3 control-7-segment-display-with-74hc595-shift-register.html#zmw57dd0e668
ShiftRegisterDisplayExample-6 control-7-segment-display-with-74hc595-shift-register.html#zmw57dd0e684
ShiftRegisterDisplayExample-8 control-7-segment-display-with-74hc595-shift-register.html#zmw57dd0e704
ShiftRegisterLEDExample control-leds-with-74hc595-shift-register.html
ShiftRegisterLEDExample-1 control-leds-with-74hc595-shift-register.html#zmw57dd0e735
ShiftRegisterLEDExample-2 control-leds-with-74hc595-shift-register.html#zmw57dd0e755
ShiftRegisterLEDExample-3 control-leds-with-74hc595-shift-register.html#zmw57dd0e795
ShiftRegisterLEDExample-6 control-leds-with-74hc595-shift-register.html#zmw57dd0e811
ShiftRegisterLEDExample-8 control-leds-with-74hc595-shift-register.html#zmw57dd0e823
AdafruitMotorShieldV2Example control-motors-using-adafruit-motor-shield-v2.html
AdafruitMotorShieldV2Example-1 control-motors-using-adafruit-motor-shield-v2.html#zmw57dd0e854
AdafruitMotorShieldV2Example-2 control-motors-using-adafruit-motor-shield-v2.html#zmw57dd0e874
AdafruitMotorShieldV2Example-5 control-motors-using-adafruit-motor-shield-v2.html#zmw57dd0e899
AdafruitMotorShieldV2Example-8 control-motors-using-adafruit-motor-shield-v2.html#zmw57dd0e918
AdafruitMotorShieldV2Example-11 control-motors-using-adafruit-motor-shield-v2.html#zmw57dd0e939
AdafruitMotorShieldV2Example-13 control-motors-using-adafruit-motor-shield-v2.html#zmw57dd0e953
RotaryEncoderKnobExample control-rotary-encoder-knob.html
RotaryEncoderKnobExample-1 control-rotary-encoder-knob.html#zmw57dd0e984
RotaryEncoderKnobExample-2 control-rotary-encoder-knob.html#zmw57dd0e995
RotaryEncoderKnobExample-3 control-rotary-encoder-knob.html#zmw57dd0e1028
RotaryEncoderKnobExample-6 control-rotary-encoder-knob.html#zmw57dd0e1047
RotaryEncoderKnobExample-8 control-rotary-encoder-knob.html#zmw57dd0e1063
RotaryEncoderSpeedExample steer-two-wheel-robot.html
RotaryEncoderSpeedExample-1 steer-two-wheel-robot.html#zmw57dd0e1094
RotaryEncoderSpeedExample-2 steer-two-wheel-robot.html#zmw57dd0e1108
RotaryEncoderSpeedExample-3 steer-two-wheel-robot.html#zmw57dd0e1132
RotaryEncoderSpeedExample-5 steer-two-wheel-robot.html#zmw57dd0e1151
RotaryEncoderSpeedExample-7 steer-two-wheel-robot.html#zmw57dd0e1163
RotaryEncoderSpeedExample-9 steer-two-wheel-robot.html#zmw57dd0e1179
RotaryEncoderSpeedExample-13 steer-two-wheel-robot.html#zmw57dd0e1208
